// Jest Snapshot v1, https://goo.gl/fbAQLP

exports[`App component snapshot 1`] = `
Object {
  "asFragment": [Function],
  "baseElement": <body>
    <div>
      <div
        class="App"
      >
        <form
          method="post"
        >
          <div>
            <label
              data-testid="package-name-label"
            >
              Enter package name: 
            </label>
            <input
              data-testid="package-name-input"
              id="packageName"
              name="packageName"
              required=""
              type="text"
              value=""
            />
            <label
              data-testid="version-label"
            >
              Enter version: 
            </label>
            <input
              data-testid="version-input"
              id="version"
              name="version"
              required=""
              type="text"
              value=""
            />
          </div>
          <button
            data-testid="submit-button"
            type="submit"
          >
            Get dependencies
          </button>
        </form>
        <p
          data-testid="display-graph"
        >
          Dependencies graph:
        </p>
      </div>
    </div>
  </body>,
  "container": <div>
    <div
      class="App"
    >
      <form
        method="post"
      >
        <div>
          <label
            data-testid="package-name-label"
          >
            Enter package name: 
          </label>
          <input
            data-testid="package-name-input"
            id="packageName"
            name="packageName"
            required=""
            type="text"
            value=""
          />
          <label
            data-testid="version-label"
          >
            Enter version: 
          </label>
          <input
            data-testid="version-input"
            id="version"
            name="version"
            required=""
            type="text"
            value=""
          />
        </div>
        <button
          data-testid="submit-button"
          type="submit"
        >
          Get dependencies
        </button>
      </form>
      <p
        data-testid="display-graph"
      >
        Dependencies graph:
      </p>
    </div>
  </div>,
  "debug": [Function],
  "findAllByAltText": [Function],
  "findAllByDisplayValue": [Function],
  "findAllByLabelText": [Function],
  "findAllByPlaceholderText": [Function],
  "findAllByRole": [Function],
  "findAllByTestId": [Function],
  "findAllByText": [Function],
  "findAllByTitle": [Function],
  "findByAltText": [Function],
  "findByDisplayValue": [Function],
  "findByLabelText": [Function],
  "findByPlaceholderText": [Function],
  "findByRole": [Function],
  "findByTestId": [Function],
  "findByText": [Function],
  "findByTitle": [Function],
  "getAllByAltText": [Function],
  "getAllByDisplayValue": [Function],
  "getAllByLabelText": [Function],
  "getAllByPlaceholderText": [Function],
  "getAllByRole": [Function],
  "getAllByTestId": [Function],
  "getAllByText": [Function],
  "getAllByTitle": [Function],
  "getByAltText": [Function],
  "getByDisplayValue": [Function],
  "getByLabelText": [Function],
  "getByPlaceholderText": [Function],
  "getByRole": [Function],
  "getByTestId": [Function],
  "getByText": [Function],
  "getByTitle": [Function],
  "queryAllByAltText": [Function],
  "queryAllByDisplayValue": [Function],
  "queryAllByLabelText": [Function],
  "queryAllByPlaceholderText": [Function],
  "queryAllByRole": [Function],
  "queryAllByTestId": [Function],
  "queryAllByText": [Function],
  "queryAllByTitle": [Function],
  "queryByAltText": [Function],
  "queryByDisplayValue": [Function],
  "queryByLabelText": [Function],
  "queryByPlaceholderText": [Function],
  "queryByRole": [Function],
  "queryByTestId": [Function],
  "queryByText": [Function],
  "queryByTitle": [Function],
  "rerender": [Function],
  "unmount": [Function],
}
`;
